
> pid-frontend@0.1.0 build
> next build

  ??Next.js 14.2.35
  - Environments: .env.local

   Creating an optimized production build ...
 ??Compiled successfully
   Linting and checking validity of types ...

./src/components/TemperatureGraph.tsx
117:8  Warning: React Hook useMemo has an unnecessary dependency: 'yDomain'. Either exclude it or remove the dependency array.  react-hooks/exhaustive-deps

info  - Need to disable some ESLint rules? Learn more here: https://nextjs.org/docs/basic-features/eslint#disabling-rules
Failed to compile.

./src/app/dashboard/[token]/page.tsx:16:13
Type error: Property 'vitals' does not exist on type 'UseVitalsReturn'.

  14 | export default function Dashboard({ params }: { params: { token: string } }) {
  15 |     const { token } = params;
> 16 |     const { vitals, isConnected, admissionId, patientName, checkInAt, roomNumber, meals, examSchedules, ivRecords, documentRequests, refetchDashboard } = useVitals(token);
     |             ^
  17 |     const [isMealModalOpen, setIsMealModalOpen] = useState(false);
  18 |     const [isDocModalOpen, setIsDocModalOpen] = useState(false);
  19 |
Next.js build worker exited with code: 1 and signal: null
