src/app/station/page.tsx(87,79): error TS1382: Unexpected token. Did you mean `{'>'}` or `&gt;`?
